{
  "id": "aws-elb",
  "name": "ELB",
  "sections": [
    {
      "name": "Requests",
      "rows": [
        {
          "panels": [
            {
              "title": "Number of requests / connections",
              "type": "line",
              "unit": {
                "format": "numeric"
              },
              "query": "sum(aws_elb_request_count_sum{kubernetes_namespace='default',_weave_service='authfe',load_balancer_name=~'prod-users-vpc-database'}) by (load_balancer_name)"
            }
          ]
        }
      ]
    },
    {
      "name": "Hosts",
      "rows": [
        {
          "panels": [
            {
              "title": "Number of healthy hosts",
              "type": "line",
              "unit": {
                "format": "numeric"
              },
              "query": "sum(aws_elb_healthy_host_count_average{kubernetes_namespace='default',_weave_service='authfe',load_balancer_name=~'prod-users-vpc-database'}) by (load_balancer_name)"
            },
            {
              "title": "Number of unhealthy hosts",
              "type": "line",
              "unit": {
                "format": "numeric"
              },
              "query": "sum(aws_elb_un_healthy_host_count_average{kubernetes_namespace='default',_weave_service='authfe',load_balancer_name=~'prod-users-vpc-database'}) by (load_balancer_name)"
            }
          ]
        }
      ]
    }
  ]
}