{
  "id": "java-jvm",
  "name": "JVM",
  "sections": [
    {
      "name": "Concurrency",
      "rows": [
        {
          "panels": [
            {
              "title": "Threads",
              "help": "Current number of live threads including both daemon and non-daemon threads",
              "type": "line",
              "unit": {
                "format": "numeric"
              },
              "query": "sum(avg_over_time(jvm_threads_current{kubernetes_namespace='default',_weave_service='authfe'}[2m])) by (kubernetes_pod_name)"
            },
            {
              "title": "Threads created per second",
              "type": "line",
              "unit": {
                "format": "numeric"
              },
              "query": "sum(rate(jvm_threads_started_total{kubernetes_namespace='default',_weave_service='authfe'}[2m])) by (kubernetes_pod_name)"
            }
          ]
        }
      ]
    },
    {
      "name": "Memory",
      "rows": [
        {
          "panels": [
            {
              "title": "Used memory",
              "help": "Used memory is working set (~live objects in the heap) + garbage",
              "type": "line",
              "unit": {
                "format": "bytes"
              },
              "query": "sum(avg_over_time(jvm_memory_bytes_used{kubernetes_namespace='default',_weave_service='authfe'}[2m])) by (kubernetes_pod_name, area)"
            },
            {
              "title": "Memory used per pool",
              "type": "line",
              "unit": {
                "format": "bytes"
              },
              "query": "sum(avg_over_time(jvm_memory_pool_bytes_used{kubernetes_namespace='default',_weave_service='authfe'}[2m])) by (kubernetes_pod_name, pool)"
            }
          ]
        }
      ]
    },
    {
      "name": "Garbage collector",
      "rows": [
        {
          "panels": [
            {
              "title": "Time spent in GC per second",
              "type": "line",
              "unit": {
                "format": "seconds"
              },
              "query": "sum(rate(jvm_gc_collection_seconds_sum{kubernetes_namespace='default',_weave_service='authfe'}[2m])) by (kubernetes_pod_name, gc)"
            },
            {
              "title": "Number of GC cycles per second",
              "type": "line",
              "unit": {
                "format": "numeric"
              },
              "query": "sum(rate(jvm_gc_collection_seconds_count{kubernetes_namespace='default',_weave_service='authfe'}[2m])) by (kubernetes_pod_name, gc)"
            }
          ]
        }
      ]
    }
  ]
}