{
  "id": "openfaas",
  "name": "OpenFaaS",
  "sections": [
    {
      "name": "Traffic",
      "rows": [
        {
          "panels": [
            {
              "title": "Function requests per second",
              "type": "line",
              "unit": {
                "format": "numeric"
              },
              "query": "sum(rate(gateway_function_invocation_total{kubernetes_namespace='default',_weave_service='authfe'}[2m])) by (function_name)"
            }
          ]
        }
      ]
    },
    {
      "name": "RED metrics",
      "rows": [
        {
          "panels": [
            {
              "title": "Successful requests per second",
              "type": "line",
              "unit": {
                "format": "numeric"
              },
              "query": "sum(rate(gateway_function_invocation_total{kubernetes_namespace='default',_weave_service='authfe',code='200'}[2m])) by (function_name)"
            },
            {
              "title": "Failed requests per second",
              "type": "line",
              "unit": {
                "format": "numeric"
              },
              "query": "sum(rate(gateway_function_invocation_total{kubernetes_namespace='default',_weave_service='authfe',code!='200'}[2m])) by (function_name)"
            }
          ]
        },
        {
          "panels": [
            {
              "title": "Replicas per function",
              "type": "line",
              "unit": {
                "format": "numeric"
              },
              "query": "sum(gateway_service_count{kubernetes_namespace='default',_weave_service='authfe'}) by (function_name)"
            }
          ]
        }
      ]
    }
  ]
}