{
  "id": "go-kit",
  "name": "Go-kit HTTP",
  "sections": [
    {
      "name": "HTTP Request Rate and Latency",
      "rows": [
        {
          "panels": [
            {
              "title": "Requests per second",
              "type": "stacked-area",
              "unit": {
                "format": "numeric"
              },
              "query": "sum by (method)(irate(request_latency_microseconds_count{kubernetes_namespace='default',_weave_service='authfe'}[2m]))"
            },
            {
              "title": "Latency",
              "type": "line",
              "unit": {
                "format": "seconds"
              },
              "query": "sum by (method)(rate(request_latency_microseconds_sum{kubernetes_namespace='default',_weave_service='authfe'}[2m])) * 1e-6 / sum by (method)(rate(request_latency_microseconds_count{kubernetes_namespace='default',_weave_service='authfe'}[2m]))"
            }
          ]
        }
      ]
    }
  ]
}