{
  "id": "cadvisor-resources",
  "name": "Resources",
  "sections": [
    {
      "name": "CPU",
      "rows": [
        {
          "panels": [
            {
              "title": "CPU Usage",
              "type": "line",
              "unit": {
                "format": "numeric",
                "explanation": "CPU seconds / second"
              },
              "query": "sum (rate(container_cpu_usage_seconds_total{image!='',namespace='default',_weave_pod_name='authfe'}[2m])) by (pod_name)"
            }
          ]
        }
      ]
    },
    {
      "name": "Memory",
      "rows": [
        {
          "panels": [
            {
              "title": "Memory Usage",
              "type": "line",
              "unit": {
                "format": "bytes"
              },
              "query": "sum (container_memory_working_set_bytes{image!='',namespace='default',_weave_pod_name='authfe'}) by (pod_name)"
            }
          ]
        }
      ]
    },
    {
      "name": "GPU",
      "rows": [
        {
          "panels": [
            {
              "title": "GPU Usage",
              "optional": true,
              "type": "line",
              "unit": {
                "format": "numeric",
                "explanation": "GPU seconds / second"
              },
              "query": "avg (container_accelerator_duty_cycle{image!='',namespace='default',_weave_pod_name='authfe'}) by (pod_name)"
            },
            {
              "title": "GPU Memory Usage",
              "optional": true,
              "type": "line",
              "unit": {
                "format": "bytes"
              },
              "query": "sum (container_accelerator_memory_used_bytes{image!='',namespace='default',_weave_pod_name='authfe'}) by (pod_name)"
            }
          ]
        }
      ]
    },
    {
      "name": "Network",
      "rows": [
        {
          "panels": [
            {
              "title": "Incoming Network Traffic",
              "type": "line",
              "unit": {
                "format": "bytes"
              },
              "query": "sum (rate(container_network_receive_bytes_total{image!='',namespace='default',_weave_pod_name='authfe'}[2m])) by (pod_name)"
            },
            {
              "title": "Outgoing Network Traffic",
              "type": "line",
              "unit": {
                "format": "bytes"
              },
              "query": "sum (rate(container_network_transmit_bytes_total{image!='',namespace='default',_weave_pod_name='authfe'}[2m])) by (pod_name)"
            }
          ]
        }
      ]
    },
    {
      "name": "Disk",
      "rows": [
        {
          "panels": [
            {
              "title": "I/O Bandwidth (Read)",
              "optional": true,
              "type": "line",
              "unit": {
                "format": "bytes"
              },
              "query": "sum (rate(container_fs_reads_bytes_total{image!='',namespace='default',_weave_pod_name='authfe'}[2m])) by (pod_name)"
            },
            {
              "title": "I/O Bandwidth (Write)",
              "optional": true,
              "type": "line",
              "unit": {
                "format": "bytes"
              },
              "query": "sum (rate(container_fs_writes_bytes_total{image!='',namespace='default',_weave_pod_name='authfe'}[2m])) by (pod_name)"
            }
          ]
        },
        {
          "panels": [
            {
              "title": "I/O Operations per Second (Read)",
              "type": "line",
              "unit": {
                "format": "numeric"
              },
              "query": "sum (rate(container_fs_reads_total{image!='',namespace='default',_weave_pod_name='authfe'}[2m])) by (pod_name)"
            },
            {
              "title": "I/O Operations per Second (Write)",
              "type": "line",
              "unit": {
                "format": "numeric"
              },
              "query": "sum (rate(container_fs_writes_total{image!='',namespace='default',_weave_pod_name='authfe'}[2m])) by (pod_name)"
            }
          ]
        }
      ]
    }
  ]
}